progress=  0.01% iteration=1/12006 step=6 epoch=1/2001 elapsed=1s eta=17095s
progress=  0.83% iteration=100/12006 step=6 epoch=100/2001 elapsed=8s eta=946s
progress=  1.67% iteration=200/12006 step=6 epoch=200/2001 elapsed=14s eta=853s
progress=  2.50% iteration=300/12006 step=6 epoch=300/2001 elapsed=21s eta=818s
progress=  3.33% iteration=400/12006 step=6 epoch=400/2001 elapsed=27s eta=796s
progress=  4.16% iteration=500/12006 step=6 epoch=500/2001 elapsed=34s eta=779s
progress=  5.00% iteration=600/12006 step=6 epoch=600/2001 elapsed=41s eta=772s
progress=  5.83% iteration=700/12006 step=6 epoch=700/2001 elapsed=47s eta=760s
progress=  6.66% iteration=800/12006 step=6 epoch=800/2001 elapsed=53s eta=749s
progress=  7.50% iteration=900/12006 step=6 epoch=900/2001 elapsed=60s eta=739s
progress=  8.33% iteration=1000/12006 step=6 epoch=1000/2001 elapsed=67s eta=732s
progress=  9.16% iteration=1100/12006 step=6 epoch=1100/2001 elapsed=73s eta=723s
progress= 10.00% iteration=1200/12006 step=6 epoch=1200/2001 elapsed=79s eta=714s
progress= 10.83% iteration=1300/12006 step=6 epoch=1300/2001 elapsed=86s eta=705s
progress= 11.66% iteration=1400/12006 step=6 epoch=1400/2001 elapsed=92s eta=697s
progress= 12.49% iteration=1500/12006 step=6 epoch=1500/2001 elapsed=98s eta=689s
progress= 13.33% iteration=1600/12006 step=6 epoch=1600/2001 elapsed=105s eta=682s
progress= 14.16% iteration=1700/12006 step=6 epoch=1700/2001 elapsed=111s eta=674s
progress= 14.99% iteration=1800/12006 step=6 epoch=1800/2001 elapsed=118s eta=667s
progress= 15.83% iteration=1900/12006 step=6 epoch=1900/2001 elapsed=124s eta=660s
progress= 16.66% iteration=2000/12006 step=6 epoch=2000/2001 elapsed=130s eta=653s
progress= 17.49% iteration=2100/12006 step=5 epoch=99/2001 elapsed=139s eta=655s
progress= 18.32% iteration=2200/12006 step=5 epoch=199/2001 elapsed=147s eta=656s
progress= 19.16% iteration=2300/12006 step=5 epoch=299/2001 elapsed=155s eta=656s
progress= 19.99% iteration=2400/12006 step=5 epoch=399/2001 elapsed=164s eta=655s
progress= 20.82% iteration=2500/12006 step=5 epoch=499/2001 elapsed=172s eta=654s
progress= 21.66% iteration=2600/12006 step=5 epoch=599/2001 elapsed=180s eta=653s
progress= 22.49% iteration=2700/12006 step=5 epoch=699/2001 elapsed=189s eta=651s
progress= 23.32% iteration=2800/12006 step=5 epoch=799/2001 elapsed=197s eta=648s
progress= 24.15% iteration=2900/12006 step=5 epoch=899/2001 elapsed=205s eta=645s
progress= 24.99% iteration=3000/12006 step=5 epoch=999/2001 elapsed=214s eta=642s
progress= 25.82% iteration=3100/12006 step=5 epoch=1099/2001 elapsed=222s eta=638s
progress= 26.65% iteration=3200/12006 step=5 epoch=1199/2001 elapsed=230s eta=634s
progress= 27.49% iteration=3300/12006 step=5 epoch=1299/2001 elapsed=239s eta=630s
progress= 28.32% iteration=3400/12006 step=5 epoch=1399/2001 elapsed=247s eta=625s
progress= 29.15% iteration=3500/12006 step=5 epoch=1499/2001 elapsed=255s eta=620s
progress= 29.99% iteration=3600/12006 step=5 epoch=1599/2001 elapsed=264s eta=616s
progress= 30.82% iteration=3700/12006 step=5 epoch=1699/2001 elapsed=272s eta=611s
progress= 31.65% iteration=3800/12006 step=5 epoch=1799/2001 elapsed=280s eta=605s
progress= 32.48% iteration=3900/12006 step=5 epoch=1899/2001 elapsed=289s eta=600s
progress= 33.32% iteration=4000/12006 step=5 epoch=1999/2001 elapsed=297s eta=595s
progress= 34.15% iteration=4100/12006 step=4 epoch=98/2001 elapsed=307s eta=593s
progress= 34.98% iteration=4200/12006 step=4 epoch=198/2001 elapsed=318s eta=590s
progress= 35.82% iteration=4300/12006 step=4 epoch=298/2001 elapsed=328s eta=587s
progress= 36.65% iteration=4400/12006 step=4 epoch=398/2001 elapsed=338s eta=584s
progress= 37.48% iteration=4500/12006 step=4 epoch=498/2001 elapsed=348s eta=581s
progress= 38.31% iteration=4600/12006 step=4 epoch=598/2001 elapsed=358s eta=577s
progress= 39.15% iteration=4700/12006 step=4 epoch=698/2001 elapsed=369s eta=573s
progress= 39.98% iteration=4800/12006 step=4 epoch=798/2001 elapsed=379s eta=569s
progress= 40.81% iteration=4900/12006 step=4 epoch=898/2001 elapsed=389s eta=564s
progress= 41.65% iteration=5000/12006 step=4 epoch=998/2001 elapsed=399s eta=559s
progress= 42.48% iteration=5100/12006 step=4 epoch=1098/2001 elapsed=409s eta=554s
progress= 43.31% iteration=5200/12006 step=4 epoch=1198/2001 elapsed=420s eta=549s
progress= 44.14% iteration=5300/12006 step=4 epoch=1298/2001 elapsed=430s eta=544s
progress= 44.98% iteration=5400/12006 step=4 epoch=1398/2001 elapsed=440s eta=538s
progress= 45.81% iteration=5500/12006 step=4 epoch=1498/2001 elapsed=450s eta=532s
progress= 46.64% iteration=5600/12006 step=4 epoch=1598/2001 elapsed=460s eta=527s
progress= 47.48% iteration=5700/12006 step=4 epoch=1698/2001 elapsed=471s eta=521s
progress= 48.31% iteration=5800/12006 step=4 epoch=1798/2001 elapsed=481s eta=514s
progress= 49.14% iteration=5900/12006 step=4 epoch=1898/2001 elapsed=491s eta=508s
progress= 49.98% iteration=6000/12006 step=4 epoch=1998/2001 elapsed=501s eta=502s
progress= 50.81% iteration=6100/12006 step=3 epoch=97/2001 elapsed=513s eta=497s
progress= 51.64% iteration=6200/12006 step=3 epoch=197/2001 elapsed=525s eta=492s
progress= 52.47% iteration=6300/12006 step=3 epoch=297/2001 elapsed=537s eta=486s
progress= 53.31% iteration=6400/12006 step=3 epoch=397/2001 elapsed=549s eta=481s
progress= 54.14% iteration=6500/12006 step=3 epoch=497/2001 elapsed=561s eta=475s
progress= 54.97% iteration=6600/12006 step=3 epoch=597/2001 elapsed=573s eta=470s
progress= 55.81% iteration=6700/12006 step=3 epoch=697/2001 elapsed=585s eta=464s
progress= 56.64% iteration=6800/12006 step=3 epoch=797/2001 elapsed=597s eta=457s
progress= 57.47% iteration=6900/12006 step=3 epoch=897/2001 elapsed=610s eta=451s
progress= 58.30% iteration=7000/12006 step=3 epoch=997/2001 elapsed=622s eta=445s
progress= 59.14% iteration=7100/12006 step=3 epoch=1097/2001 elapsed=634s eta=438s
progress= 59.97% iteration=7200/12006 step=3 epoch=1197/2001 elapsed=646s eta=431s
progress= 60.80% iteration=7300/12006 step=3 epoch=1297/2001 elapsed=659s eta=425s
progress= 61.64% iteration=7400/12006 step=3 epoch=1397/2001 elapsed=671s eta=418s
progress= 62.47% iteration=7500/12006 step=3 epoch=1497/2001 elapsed=683s eta=410s
progress= 63.30% iteration=7600/12006 step=3 epoch=1597/2001 elapsed=694s eta=403s
progress= 64.13% iteration=7700/12006 step=3 epoch=1697/2001 elapsed=706s eta=395s
progress= 64.97% iteration=7800/12006 step=3 epoch=1797/2001 elapsed=718s eta=387s
progress= 65.80% iteration=7900/12006 step=3 epoch=1897/2001 elapsed=730s eta=379s
progress= 66.63% iteration=8000/12006 step=3 epoch=1997/2001 elapsed=741s eta=371s
progress= 67.47% iteration=8100/12006 step=2 epoch=96/2001 elapsed=755s eta=364s
progress= 68.30% iteration=8200/12006 step=2 epoch=196/2001 elapsed=769s eta=357s
progress= 69.13% iteration=8300/12006 step=2 epoch=296/2001 elapsed=785s eta=350s
progress= 69.97% iteration=8400/12006 step=2 epoch=396/2001 elapsed=799s eta=343s
progress= 70.80% iteration=8500/12006 step=2 epoch=496/2001 elapsed=813s eta=335s
progress= 71.63% iteration=8600/12006 step=2 epoch=596/2001 elapsed=826s eta=327s
progress= 72.46% iteration=8700/12006 step=2 epoch=696/2001 elapsed=840s eta=319s
progress= 73.30% iteration=8800/12006 step=2 epoch=796/2001 elapsed=853s eta=311s
progress= 74.13% iteration=8900/12006 step=2 epoch=896/2001 elapsed=867s eta=303s
progress= 74.96% iteration=9000/12006 step=2 epoch=996/2001 elapsed=880s eta=294s
progress= 75.80% iteration=9100/12006 step=2 epoch=1096/2001 elapsed=894s eta=285s
progress= 76.63% iteration=9200/12006 step=2 epoch=1196/2001 elapsed=907s eta=277s
progress= 77.46% iteration=9300/12006 step=2 epoch=1296/2001 elapsed=921s eta=268s
progress= 78.29% iteration=9400/12006 step=2 epoch=1396/2001 elapsed=935s eta=259s
progress= 79.13% iteration=9500/12006 step=2 epoch=1496/2001 elapsed=949s eta=250s
progress= 79.96% iteration=9600/12006 step=2 epoch=1596/2001 elapsed=963s eta=241s
progress= 80.79% iteration=9700/12006 step=2 epoch=1696/2001 elapsed=976s eta=232s
progress= 81.63% iteration=9800/12006 step=2 epoch=1796/2001 elapsed=990s eta=223s
progress= 82.46% iteration=9900/12006 step=2 epoch=1896/2001 elapsed=1004s eta=213s
progress= 83.29% iteration=10000/12006 step=2 epoch=1996/2001 elapsed=1017s eta=204s
progress= 84.12% iteration=10100/12006 step=1 epoch=95/2001 elapsed=1033s eta=195s
progress= 84.96% iteration=10200/12006 step=1 epoch=195/2001 elapsed=1048s eta=186s
progress= 85.79% iteration=10300/12006 step=1 epoch=295/2001 elapsed=1064s eta=176s
progress= 86.62% iteration=10400/12006 step=1 epoch=395/2001 elapsed=1079s eta=167s
progress= 87.46% iteration=10500/12006 step=1 epoch=495/2001 elapsed=1095s eta=157s
progress= 88.29% iteration=10600/12006 step=1 epoch=595/2001 elapsed=1110s eta=147s
progress= 89.12% iteration=10700/12006 step=1 epoch=695/2001 elapsed=1126s eta=137s
progress= 89.96% iteration=10800/12006 step=1 epoch=795/2001 elapsed=1141s eta=127s
progress= 90.79% iteration=10900/12006 step=1 epoch=895/2001 elapsed=1156s eta=117s
progress= 91.62% iteration=11000/12006 step=1 epoch=995/2001 elapsed=1172s eta=107s
progress= 92.45% iteration=11100/12006 step=1 epoch=1095/2001 elapsed=1188s eta=97s
progress= 93.29% iteration=11200/12006 step=1 epoch=1195/2001 elapsed=1204s eta=87s
progress= 94.12% iteration=11300/12006 step=1 epoch=1295/2001 elapsed=1219s eta=76s
progress= 94.95% iteration=11400/12006 step=1 epoch=1395/2001 elapsed=1234s eta=66s
progress= 95.79% iteration=11500/12006 step=1 epoch=1495/2001 elapsed=1249s eta=55s
progress= 96.62% iteration=11600/12006 step=1 epoch=1595/2001 elapsed=1266s eta=44s
progress= 97.45% iteration=11700/12006 step=1 epoch=1695/2001 elapsed=1282s eta=34s
progress= 98.28% iteration=11800/12006 step=1 epoch=1795/2001 elapsed=1297s eta=23s
progress= 99.12% iteration=11900/12006 step=1 epoch=1895/2001 elapsed=1313s eta=12s
progress= 99.95% iteration=12000/12006 step=1 epoch=1995/2001 elapsed=1328s eta=1s
progress=100.00% iteration=12006/12006 step=1 epoch=2001/2001 elapsed=1329s eta=0s
{
  "checkpoint": "outputs/checkpoints/1q_circular_xpu_seed123.pt",
  "metrics": {
    "superfidelity": 0.9902063608169556,
    "fidelity": 0.9902064015023785,
    "trace_distance": 0.0364406715574827,
    "mmd": 0.0009933710098266602,
    "wasserstein": 0.013671070933341984,
    "purity_error": 0.023139894008636475,
    "generated_radius": 0.9506059288978577,
    "target_radius": 0.9796709418296814,
    "F_data_0": 0.4986654222011566,
    "F_gen_0": 0.5174354314804077
  },
  "history_rows": 12006
}
