progress=  0.01% iteration=1/12006 step=6 epoch=1/2001 elapsed=1s eta=17116s
progress=  0.83% iteration=100/12006 step=6 epoch=100/2001 elapsed=8s eta=941s
progress=  1.67% iteration=200/12006 step=6 epoch=200/2001 elapsed=14s eta=846s
progress=  2.50% iteration=300/12006 step=6 epoch=300/2001 elapsed=21s eta=835s
progress=  3.33% iteration=400/12006 step=6 epoch=400/2001 elapsed=29s eta=837s
progress=  4.16% iteration=500/12006 step=6 epoch=500/2001 elapsed=35s eta=813s
progress=  5.00% iteration=600/12006 step=6 epoch=600/2001 elapsed=42s eta=798s
progress=  5.83% iteration=700/12006 step=6 epoch=700/2001 elapsed=48s eta=782s
progress=  6.66% iteration=800/12006 step=6 epoch=800/2001 elapsed=55s eta=769s
progress=  7.50% iteration=900/12006 step=6 epoch=900/2001 elapsed=62s eta=762s
progress=  8.33% iteration=1000/12006 step=6 epoch=1000/2001 elapsed=68s eta=750s
progress=  9.16% iteration=1100/12006 step=6 epoch=1100/2001 elapsed=75s eta=740s
progress= 10.00% iteration=1200/12006 step=6 epoch=1200/2001 elapsed=81s eta=730s
progress= 10.83% iteration=1300/12006 step=6 epoch=1300/2001 elapsed=88s eta=721s
progress= 11.66% iteration=1400/12006 step=6 epoch=1400/2001 elapsed=94s eta=712s
progress= 12.49% iteration=1500/12006 step=6 epoch=1500/2001 elapsed=100s eta=703s
progress= 13.33% iteration=1600/12006 step=6 epoch=1600/2001 elapsed=107s eta=695s
progress= 14.16% iteration=1700/12006 step=6 epoch=1700/2001 elapsed=113s eta=687s
progress= 14.99% iteration=1800/12006 step=6 epoch=1800/2001 elapsed=120s eta=679s
progress= 15.83% iteration=1900/12006 step=6 epoch=1900/2001 elapsed=127s eta=677s
progress= 16.66% iteration=2000/12006 step=6 epoch=2000/2001 elapsed=134s eta=671s
progress= 17.49% iteration=2100/12006 step=5 epoch=99/2001 elapsed=143s eta=673s
progress= 18.32% iteration=2200/12006 step=5 epoch=199/2001 elapsed=151s eta=673s
progress= 19.16% iteration=2300/12006 step=5 epoch=299/2001 elapsed=159s eta=673s
progress= 19.99% iteration=2400/12006 step=5 epoch=399/2001 elapsed=168s eta=672s
progress= 20.82% iteration=2500/12006 step=5 epoch=499/2001 elapsed=176s eta=670s
progress= 21.66% iteration=2600/12006 step=5 epoch=599/2001 elapsed=185s eta=669s
progress= 22.49% iteration=2700/12006 step=5 epoch=699/2001 elapsed=193s eta=667s
progress= 23.32% iteration=2800/12006 step=5 epoch=799/2001 elapsed=202s eta=664s
progress= 24.15% iteration=2900/12006 step=5 epoch=899/2001 elapsed=210s eta=660s
progress= 24.99% iteration=3000/12006 step=5 epoch=999/2001 elapsed=219s eta=656s
progress= 25.82% iteration=3100/12006 step=5 epoch=1099/2001 elapsed=227s eta=652s
progress= 26.65% iteration=3200/12006 step=5 epoch=1199/2001 elapsed=236s eta=648s
progress= 27.49% iteration=3300/12006 step=5 epoch=1299/2001 elapsed=244s eta=644s
progress= 28.32% iteration=3400/12006 step=5 epoch=1399/2001 elapsed=252s eta=639s
progress= 29.15% iteration=3500/12006 step=5 epoch=1499/2001 elapsed=261s eta=634s
progress= 29.99% iteration=3600/12006 step=5 epoch=1599/2001 elapsed=269s eta=629s
progress= 30.82% iteration=3700/12006 step=5 epoch=1699/2001 elapsed=278s eta=623s
progress= 31.65% iteration=3800/12006 step=5 epoch=1799/2001 elapsed=286s eta=618s
progress= 32.48% iteration=3900/12006 step=5 epoch=1899/2001 elapsed=295s eta=612s
progress= 33.32% iteration=4000/12006 step=5 epoch=1999/2001 elapsed=303s eta=607s
progress= 34.15% iteration=4100/12006 step=4 epoch=98/2001 elapsed=313s eta=604s
progress= 34.98% iteration=4200/12006 step=4 epoch=198/2001 elapsed=324s eta=602s
progress= 35.82% iteration=4300/12006 step=4 epoch=298/2001 elapsed=334s eta=599s
progress= 36.65% iteration=4400/12006 step=4 epoch=398/2001 elapsed=344s eta=595s
progress= 37.48% iteration=4500/12006 step=4 epoch=498/2001 elapsed=355s eta=592s
progress= 38.31% iteration=4600/12006 step=4 epoch=598/2001 elapsed=365s eta=588s
progress= 39.15% iteration=4700/12006 step=4 epoch=698/2001 elapsed=375s eta=584s
progress= 39.98% iteration=4800/12006 step=4 epoch=798/2001 elapsed=386s eta=579s
progress= 40.81% iteration=4900/12006 step=4 epoch=898/2001 elapsed=396s eta=575s
progress= 41.65% iteration=5000/12006 step=4 epoch=998/2001 elapsed=408s eta=572s
progress= 42.48% iteration=5100/12006 step=4 epoch=1098/2001 elapsed=419s eta=567s
progress= 43.31% iteration=5200/12006 step=4 epoch=1198/2001 elapsed=429s eta=562s
progress= 44.14% iteration=5300/12006 step=4 epoch=1298/2001 elapsed=440s eta=556s
progress= 44.98% iteration=5400/12006 step=4 epoch=1398/2001 elapsed=450s eta=551s
progress= 45.81% iteration=5500/12006 step=4 epoch=1498/2001 elapsed=461s eta=545s
progress= 46.64% iteration=5600/12006 step=4 epoch=1598/2001 elapsed=471s eta=539s
progress= 47.48% iteration=5700/12006 step=4 epoch=1698/2001 elapsed=482s eta=533s
progress= 48.31% iteration=5800/12006 step=4 epoch=1798/2001 elapsed=492s eta=527s
progress= 49.14% iteration=5900/12006 step=4 epoch=1898/2001 elapsed=503s eta=520s
progress= 49.98% iteration=6000/12006 step=4 epoch=1998/2001 elapsed=513s eta=514s
progress= 50.81% iteration=6100/12006 step=3 epoch=97/2001 elapsed=526s eta=509s
progress= 51.64% iteration=6200/12006 step=3 epoch=197/2001 elapsed=538s eta=504s
progress= 52.47% iteration=6300/12006 step=3 epoch=297/2001 elapsed=550s eta=499s
progress= 53.31% iteration=6400/12006 step=3 epoch=397/2001 elapsed=563s eta=493s
progress= 54.14% iteration=6500/12006 step=3 epoch=497/2001 elapsed=575s eta=487s
progress= 54.97% iteration=6600/12006 step=3 epoch=597/2001 elapsed=588s eta=481s
progress= 55.81% iteration=6700/12006 step=3 epoch=697/2001 elapsed=600s eta=475s
progress= 56.64% iteration=6800/12006 step=3 epoch=797/2001 elapsed=615s eta=471s
progress= 57.47% iteration=6900/12006 step=3 epoch=897/2001 elapsed=627s eta=464s
progress= 58.30% iteration=7000/12006 step=3 epoch=997/2001 elapsed=639s eta=457s
progress= 59.14% iteration=7100/12006 step=3 epoch=1097/2001 elapsed=651s eta=450s
progress= 59.97% iteration=7200/12006 step=3 epoch=1197/2001 elapsed=663s eta=443s
progress= 60.80% iteration=7300/12006 step=3 epoch=1297/2001 elapsed=675s eta=435s
progress= 61.64% iteration=7400/12006 step=3 epoch=1397/2001 elapsed=687s eta=428s
progress= 62.47% iteration=7500/12006 step=3 epoch=1497/2001 elapsed=699s eta=420s
progress= 63.30% iteration=7600/12006 step=3 epoch=1597/2001 elapsed=711s eta=412s
progress= 64.13% iteration=7700/12006 step=3 epoch=1697/2001 elapsed=723s eta=405s
progress= 64.97% iteration=7800/12006 step=3 epoch=1797/2001 elapsed=735s eta=397s
progress= 65.80% iteration=7900/12006 step=3 epoch=1897/2001 elapsed=747s eta=388s
progress= 66.63% iteration=8000/12006 step=3 epoch=1997/2001 elapsed=759s eta=380s
progress= 67.47% iteration=8100/12006 step=2 epoch=96/2001 elapsed=773s eta=373s
progress= 68.30% iteration=8200/12006 step=2 epoch=196/2001 elapsed=787s eta=365s
progress= 69.13% iteration=8300/12006 step=2 epoch=296/2001 elapsed=801s eta=358s
progress= 69.97% iteration=8400/12006 step=2 epoch=396/2001 elapsed=815s eta=350s
progress= 70.80% iteration=8500/12006 step=2 epoch=496/2001 elapsed=829s eta=342s
progress= 71.63% iteration=8600/12006 step=2 epoch=596/2001 elapsed=843s eta=334s
progress= 72.46% iteration=8700/12006 step=2 epoch=696/2001 elapsed=856s eta=325s
progress= 73.30% iteration=8800/12006 step=2 epoch=796/2001 elapsed=870s eta=317s
progress= 74.13% iteration=8900/12006 step=2 epoch=896/2001 elapsed=884s eta=308s
progress= 74.96% iteration=9000/12006 step=2 epoch=996/2001 elapsed=898s eta=300s
progress= 75.80% iteration=9100/12006 step=2 epoch=1096/2001 elapsed=911s eta=291s
progress= 76.63% iteration=9200/12006 step=2 epoch=1196/2001 elapsed=925s eta=282s
progress= 77.46% iteration=9300/12006 step=2 epoch=1296/2001 elapsed=939s eta=273s
progress= 78.29% iteration=9400/12006 step=2 epoch=1396/2001 elapsed=953s eta=264s
progress= 79.13% iteration=9500/12006 step=2 epoch=1496/2001 elapsed=966s eta=255s
progress= 79.96% iteration=9600/12006 step=2 epoch=1596/2001 elapsed=980s eta=246s
progress= 80.79% iteration=9700/12006 step=2 epoch=1696/2001 elapsed=994s eta=236s
progress= 81.63% iteration=9800/12006 step=2 epoch=1796/2001 elapsed=1008s eta=227s
progress= 82.46% iteration=9900/12006 step=2 epoch=1896/2001 elapsed=1022s eta=217s
progress= 83.29% iteration=10000/12006 step=2 epoch=1996/2001 elapsed=1035s eta=208s
progress= 84.12% iteration=10100/12006 step=1 epoch=95/2001 elapsed=1051s eta=198s
progress= 84.96% iteration=10200/12006 step=1 epoch=195/2001 elapsed=1067s eta=189s
progress= 85.79% iteration=10300/12006 step=1 epoch=295/2001 elapsed=1082s eta=179s
progress= 86.62% iteration=10400/12006 step=1 epoch=395/2001 elapsed=1098s eta=170s
progress= 87.46% iteration=10500/12006 step=1 epoch=495/2001 elapsed=1114s eta=160s
progress= 88.29% iteration=10600/12006 step=1 epoch=595/2001 elapsed=1129s eta=150s
progress= 89.12% iteration=10700/12006 step=1 epoch=695/2001 elapsed=1145s eta=140s
progress= 89.96% iteration=10800/12006 step=1 epoch=795/2001 elapsed=1161s eta=130s
progress= 90.79% iteration=10900/12006 step=1 epoch=895/2001 elapsed=1176s eta=119s
progress= 91.62% iteration=11000/12006 step=1 epoch=995/2001 elapsed=1192s eta=109s
progress= 92.45% iteration=11100/12006 step=1 epoch=1095/2001 elapsed=1207s eta=99s
progress= 93.29% iteration=11200/12006 step=1 epoch=1195/2001 elapsed=1223s eta=88s
progress= 94.12% iteration=11300/12006 step=1 epoch=1295/2001 elapsed=1239s eta=77s
progress= 94.95% iteration=11400/12006 step=1 epoch=1395/2001 elapsed=1254s eta=67s
progress= 95.79% iteration=11500/12006 step=1 epoch=1495/2001 elapsed=1270s eta=56s
progress= 96.62% iteration=11600/12006 step=1 epoch=1595/2001 elapsed=1285s eta=45s
progress= 97.45% iteration=11700/12006 step=1 epoch=1695/2001 elapsed=1301s eta=34s
progress= 98.28% iteration=11800/12006 step=1 epoch=1795/2001 elapsed=1316s eta=23s
progress= 99.12% iteration=11900/12006 step=1 epoch=1895/2001 elapsed=1332s eta=12s
progress= 99.95% iteration=12000/12006 step=1 epoch=1995/2001 elapsed=1348s eta=1s
progress=100.00% iteration=12006/12006 step=1 epoch=2001/2001 elapsed=1348s eta=0s
{
  "checkpoint": "outputs/checkpoints/1q_circular_xpu_seed7.pt",
  "metrics": {
    "superfidelity": 0.9840816855430603,
    "fidelity": 0.9840817813686457,
    "trace_distance": 0.05229441832283596,
    "mmd": 0.015762805938720703,
    "wasserstein": 0.025817331671714776,
    "purity_error": 0.05904674530029297,
    "generated_radius": 0.9110087156295776,
    "target_radius": 0.980293333530426,
    "F_data_0": 0.4662828743457794,
    "F_gen_0": 0.5075371265411377
  },
  "history_rows": 12006
}
