progress=  0.01% iteration=1/12006 step=6 epoch=1/2001 elapsed=1s eta=16404s
progress=  0.83% iteration=100/12006 step=6 epoch=100/2001 elapsed=5s eta=566s
progress=  1.67% iteration=200/12006 step=6 epoch=200/2001 elapsed=8s eta=478s
progress=  2.50% iteration=300/12006 step=6 epoch=300/2001 elapsed=12s eta=449s
progress=  3.33% iteration=400/12006 step=6 epoch=400/2001 elapsed=15s eta=432s
progress=  4.16% iteration=500/12006 step=6 epoch=500/2001 elapsed=18s eta=420s
progress=  5.00% iteration=600/12006 step=6 epoch=600/2001 elapsed=22s eta=410s
progress=  5.83% iteration=700/12006 step=6 epoch=700/2001 elapsed=25s eta=401s
progress=  6.66% iteration=800/12006 step=6 epoch=800/2001 elapsed=28s eta=395s
progress=  7.50% iteration=900/12006 step=6 epoch=900/2001 elapsed=32s eta=389s
progress=  8.33% iteration=1000/12006 step=6 epoch=1000/2001 elapsed=35s eta=384s
progress=  9.16% iteration=1100/12006 step=6 epoch=1100/2001 elapsed=38s eta=379s
progress= 10.00% iteration=1200/12006 step=6 epoch=1200/2001 elapsed=42s eta=374s
progress= 10.83% iteration=1300/12006 step=6 epoch=1300/2001 elapsed=45s eta=369s
progress= 11.66% iteration=1400/12006 step=6 epoch=1400/2001 elapsed=48s eta=365s
progress= 12.49% iteration=1500/12006 step=6 epoch=1500/2001 elapsed=51s eta=361s
progress= 13.33% iteration=1600/12006 step=6 epoch=1600/2001 elapsed=55s eta=356s
progress= 14.16% iteration=1700/12006 step=6 epoch=1700/2001 elapsed=58s eta=352s
progress= 14.99% iteration=1800/12006 step=6 epoch=1800/2001 elapsed=61s eta=348s
progress= 15.83% iteration=1900/12006 step=6 epoch=1900/2001 elapsed=65s eta=344s
progress= 16.66% iteration=2000/12006 step=6 epoch=2000/2001 elapsed=68s eta=340s
progress= 17.49% iteration=2100/12006 step=5 epoch=99/2001 elapsed=72s eta=341s
progress= 18.32% iteration=2200/12006 step=5 epoch=199/2001 elapsed=77s eta=342s
progress= 19.16% iteration=2300/12006 step=5 epoch=299/2001 elapsed=81s eta=341s
progress= 19.99% iteration=2400/12006 step=5 epoch=399/2001 elapsed=85s eta=341s
progress= 20.82% iteration=2500/12006 step=5 epoch=499/2001 elapsed=89s eta=340s
progress= 21.66% iteration=2600/12006 step=5 epoch=599/2001 elapsed=94s eta=339s
progress= 22.49% iteration=2700/12006 step=5 epoch=699/2001 elapsed=98s eta=338s
progress= 23.32% iteration=2800/12006 step=5 epoch=799/2001 elapsed=102s eta=337s
progress= 24.15% iteration=2900/12006 step=5 epoch=899/2001 elapsed=107s eta=335s
progress= 24.99% iteration=3000/12006 step=5 epoch=999/2001 elapsed=111s eta=333s
progress= 25.82% iteration=3100/12006 step=5 epoch=1099/2001 elapsed=115s eta=331s
progress= 26.65% iteration=3200/12006 step=5 epoch=1199/2001 elapsed=120s eta=329s
progress= 27.49% iteration=3300/12006 step=5 epoch=1299/2001 elapsed=124s eta=327s
progress= 28.32% iteration=3400/12006 step=5 epoch=1399/2001 elapsed=128s eta=325s
progress= 29.15% iteration=3500/12006 step=5 epoch=1499/2001 elapsed=133s eta=322s
progress= 29.99% iteration=3600/12006 step=5 epoch=1599/2001 elapsed=137s eta=320s
progress= 30.82% iteration=3700/12006 step=5 epoch=1699/2001 elapsed=141s eta=317s
progress= 31.65% iteration=3800/12006 step=5 epoch=1799/2001 elapsed=146s eta=315s
progress= 32.48% iteration=3900/12006 step=5 epoch=1899/2001 elapsed=150s eta=312s
progress= 33.32% iteration=4000/12006 step=5 epoch=1999/2001 elapsed=154s eta=309s
progress= 34.15% iteration=4100/12006 step=4 epoch=98/2001 elapsed=159s eta=308s
progress= 34.98% iteration=4200/12006 step=4 epoch=198/2001 elapsed=165s eta=306s
progress= 35.82% iteration=4300/12006 step=4 epoch=298/2001 elapsed=170s eta=305s
progress= 36.65% iteration=4400/12006 step=4 epoch=398/2001 elapsed=175s eta=303s
progress= 37.48% iteration=4500/12006 step=4 epoch=498/2001 elapsed=180s eta=301s
progress= 38.31% iteration=4600/12006 step=4 epoch=598/2001 elapsed=186s eta=299s
progress= 39.15% iteration=4700/12006 step=4 epoch=698/2001 elapsed=191s eta=297s
progress= 39.98% iteration=4800/12006 step=4 epoch=798/2001 elapsed=196s eta=294s
progress= 40.81% iteration=4900/12006 step=4 epoch=898/2001 elapsed=201s eta=292s
progress= 41.65% iteration=5000/12006 step=4 epoch=998/2001 elapsed=207s eta=290s
progress= 42.48% iteration=5100/12006 step=4 epoch=1098/2001 elapsed=212s eta=287s
progress= 43.31% iteration=5200/12006 step=4 epoch=1198/2001 elapsed=217s eta=284s
progress= 44.14% iteration=5300/12006 step=4 epoch=1298/2001 elapsed=224s eta=283s
progress= 44.98% iteration=5400/12006 step=4 epoch=1398/2001 elapsed=229s eta=280s
progress= 45.81% iteration=5500/12006 step=4 epoch=1498/2001 elapsed=235s eta=278s
progress= 46.64% iteration=5600/12006 step=4 epoch=1598/2001 elapsed=240s eta=275s
progress= 47.48% iteration=5700/12006 step=4 epoch=1698/2001 elapsed=245s eta=272s
progress= 48.31% iteration=5800/12006 step=4 epoch=1798/2001 elapsed=251s eta=268s
progress= 49.14% iteration=5900/12006 step=4 epoch=1898/2001 elapsed=256s eta=265s
progress= 49.98% iteration=6000/12006 step=4 epoch=1998/2001 elapsed=261s eta=262s
progress= 50.81% iteration=6100/12006 step=3 epoch=97/2001 elapsed=268s eta=259s
progress= 51.64% iteration=6200/12006 step=3 epoch=197/2001 elapsed=274s eta=257s
progress= 52.47% iteration=6300/12006 step=3 epoch=297/2001 elapsed=280s eta=254s
progress= 53.31% iteration=6400/12006 step=3 epoch=397/2001 elapsed=286s eta=251s
progress= 54.14% iteration=6500/12006 step=3 epoch=497/2001 elapsed=293s eta=248s
progress= 54.97% iteration=6600/12006 step=3 epoch=597/2001 elapsed=299s eta=245s
progress= 55.81% iteration=6700/12006 step=3 epoch=697/2001 elapsed=305s eta=242s
progress= 56.64% iteration=6800/12006 step=3 epoch=797/2001 elapsed=311s eta=238s
progress= 57.47% iteration=6900/12006 step=3 epoch=897/2001 elapsed=317s eta=235s
progress= 58.30% iteration=7000/12006 step=3 epoch=997/2001 elapsed=324s eta=231s
progress= 59.14% iteration=7100/12006 step=3 epoch=1097/2001 elapsed=330s eta=228s
progress= 59.97% iteration=7200/12006 step=3 epoch=1197/2001 elapsed=336s eta=224s
progress= 60.80% iteration=7300/12006 step=3 epoch=1297/2001 elapsed=342s eta=221s
progress= 61.64% iteration=7400/12006 step=3 epoch=1397/2001 elapsed=348s eta=217s
progress= 62.47% iteration=7500/12006 step=3 epoch=1497/2001 elapsed=355s eta=213s
progress= 63.30% iteration=7600/12006 step=3 epoch=1597/2001 elapsed=361s eta=209s
progress= 64.13% iteration=7700/12006 step=3 epoch=1697/2001 elapsed=367s eta=205s
progress= 64.97% iteration=7800/12006 step=3 epoch=1797/2001 elapsed=373s eta=201s
progress= 65.80% iteration=7900/12006 step=3 epoch=1897/2001 elapsed=380s eta=197s
progress= 66.63% iteration=8000/12006 step=3 epoch=1997/2001 elapsed=386s eta=193s
progress= 67.47% iteration=8100/12006 step=2 epoch=96/2001 elapsed=393s eta=189s
progress= 68.30% iteration=8200/12006 step=2 epoch=196/2001 elapsed=400s eta=186s
progress= 69.13% iteration=8300/12006 step=2 epoch=296/2001 elapsed=407s eta=182s
progress= 69.97% iteration=8400/12006 step=2 epoch=396/2001 elapsed=414s eta=178s
progress= 70.80% iteration=8500/12006 step=2 epoch=496/2001 elapsed=421s eta=174s
progress= 71.63% iteration=8600/12006 step=2 epoch=596/2001 elapsed=429s eta=170s
progress= 72.46% iteration=8700/12006 step=2 epoch=696/2001 elapsed=436s eta=166s
progress= 73.30% iteration=8800/12006 step=2 epoch=796/2001 elapsed=443s eta=161s
progress= 74.13% iteration=8900/12006 step=2 epoch=896/2001 elapsed=451s eta=157s
progress= 74.96% iteration=9000/12006 step=2 epoch=996/2001 elapsed=459s eta=153s
progress= 75.80% iteration=9100/12006 step=2 epoch=1096/2001 elapsed=466s eta=149s
progress= 76.63% iteration=9200/12006 step=2 epoch=1196/2001 elapsed=474s eta=144s
progress= 77.46% iteration=9300/12006 step=2 epoch=1296/2001 elapsed=481s eta=140s
progress= 78.29% iteration=9400/12006 step=2 epoch=1396/2001 elapsed=488s eta=135s
progress= 79.13% iteration=9500/12006 step=2 epoch=1496/2001 elapsed=495s eta=131s
progress= 79.96% iteration=9600/12006 step=2 epoch=1596/2001 elapsed=502s eta=126s
progress= 80.79% iteration=9700/12006 step=2 epoch=1696/2001 elapsed=510s eta=121s
progress= 81.63% iteration=9800/12006 step=2 epoch=1796/2001 elapsed=517s eta=116s
progress= 82.46% iteration=9900/12006 step=2 epoch=1896/2001 elapsed=524s eta=112s
progress= 83.29% iteration=10000/12006 step=2 epoch=1996/2001 elapsed=531s eta=107s
progress= 84.12% iteration=10100/12006 step=1 epoch=95/2001 elapsed=540s eta=102s
progress= 84.96% iteration=10200/12006 step=1 epoch=195/2001 elapsed=548s eta=97s
progress= 85.79% iteration=10300/12006 step=1 epoch=295/2001 elapsed=556s eta=92s
progress= 86.62% iteration=10400/12006 step=1 epoch=395/2001 elapsed=564s eta=87s
progress= 87.46% iteration=10500/12006 step=1 epoch=495/2001 elapsed=572s eta=82s
progress= 88.29% iteration=10600/12006 step=1 epoch=595/2001 elapsed=581s eta=77s
progress= 89.12% iteration=10700/12006 step=1 epoch=695/2001 elapsed=589s eta=72s
progress= 89.96% iteration=10800/12006 step=1 epoch=795/2001 elapsed=597s eta=67s
progress= 90.79% iteration=10900/12006 step=1 epoch=895/2001 elapsed=605s eta=61s
progress= 91.62% iteration=11000/12006 step=1 epoch=995/2001 elapsed=613s eta=56s
progress= 92.45% iteration=11100/12006 step=1 epoch=1095/2001 elapsed=621s eta=51s
progress= 93.29% iteration=11200/12006 step=1 epoch=1195/2001 elapsed=630s eta=45s
progress= 94.12% iteration=11300/12006 step=1 epoch=1295/2001 elapsed=638s eta=40s
progress= 94.95% iteration=11400/12006 step=1 epoch=1395/2001 elapsed=646s eta=34s
progress= 95.79% iteration=11500/12006 step=1 epoch=1495/2001 elapsed=654s eta=29s
progress= 96.62% iteration=11600/12006 step=1 epoch=1595/2001 elapsed=662s eta=23s
progress= 97.45% iteration=11700/12006 step=1 epoch=1695/2001 elapsed=670s eta=18s
progress= 98.28% iteration=11800/12006 step=1 epoch=1795/2001 elapsed=678s eta=12s
progress= 99.12% iteration=11900/12006 step=1 epoch=1895/2001 elapsed=687s eta=6s
progress= 99.95% iteration=12000/12006 step=1 epoch=1995/2001 elapsed=695s eta=0s
progress=100.00% iteration=12006/12006 step=1 epoch=2001/2001 elapsed=695s eta=0s
{
  "checkpoint": "outputs/checkpoints/1q_clustered_xpu_seed123.pt",
  "metrics": {
    "superfidelity": 0.6401629447937012,
    "fidelity": 0.6401627088763026,
    "trace_distance": 0.5212024612724823,
    "mmd": 0.5470466613769531,
    "wasserstein": 0.4156829732656479,
    "purity_error": 0.10353565216064453,
    "generated_radius": 0.8720370531082153,
    "target_radius": 0.9949682950973511,
    "F_data_0": 0.9849636554718018,
    "F_gen_0": 0.48799535632133484
  },
  "history_rows": 12006
}
