progress=  0.01% iteration=1/12006 step=6 epoch=1/2001 elapsed=1s eta=16492s
progress=  0.83% iteration=100/12006 step=6 epoch=100/2001 elapsed=5s eta=573s
progress=  1.67% iteration=200/12006 step=6 epoch=200/2001 elapsed=8s eta=488s
progress=  2.50% iteration=300/12006 step=6 epoch=300/2001 elapsed=12s eta=457s
progress=  3.33% iteration=400/12006 step=6 epoch=400/2001 elapsed=15s eta=446s
progress=  4.16% iteration=500/12006 step=6 epoch=500/2001 elapsed=19s eta=447s
progress=  5.00% iteration=600/12006 step=6 epoch=600/2001 elapsed=23s eta=444s
progress=  5.83% iteration=700/12006 step=6 epoch=700/2001 elapsed=27s eta=433s
progress=  6.66% iteration=800/12006 step=6 epoch=800/2001 elapsed=30s eta=423s
progress=  7.50% iteration=900/12006 step=6 epoch=900/2001 elapsed=34s eta=415s
progress=  8.33% iteration=1000/12006 step=6 epoch=1000/2001 elapsed=37s eta=408s
progress=  9.16% iteration=1100/12006 step=6 epoch=1100/2001 elapsed=41s eta=402s
progress= 10.00% iteration=1200/12006 step=6 epoch=1200/2001 elapsed=44s eta=395s
progress= 10.83% iteration=1300/12006 step=6 epoch=1300/2001 elapsed=47s eta=390s
progress= 11.66% iteration=1400/12006 step=6 epoch=1400/2001 elapsed=51s eta=385s
progress= 12.49% iteration=1500/12006 step=6 epoch=1500/2001 elapsed=54s eta=379s
progress= 13.33% iteration=1600/12006 step=6 epoch=1600/2001 elapsed=58s eta=374s
progress= 14.16% iteration=1700/12006 step=6 epoch=1700/2001 elapsed=61s eta=370s
progress= 14.99% iteration=1800/12006 step=6 epoch=1800/2001 elapsed=64s eta=365s
progress= 15.83% iteration=1900/12006 step=6 epoch=1900/2001 elapsed=68s eta=360s
progress= 16.66% iteration=2000/12006 step=6 epoch=2000/2001 elapsed=71s eta=356s
progress= 17.49% iteration=2100/12006 step=5 epoch=99/2001 elapsed=76s eta=359s
progress= 18.32% iteration=2200/12006 step=5 epoch=199/2001 elapsed=81s eta=362s
progress= 19.16% iteration=2300/12006 step=5 epoch=299/2001 elapsed=86s eta=361s
progress= 19.99% iteration=2400/12006 step=5 epoch=399/2001 elapsed=90s eta=360s
progress= 20.82% iteration=2500/12006 step=5 epoch=499/2001 elapsed=94s eta=359s
progress= 21.66% iteration=2600/12006 step=5 epoch=599/2001 elapsed=99s eta=357s
progress= 22.49% iteration=2700/12006 step=5 epoch=699/2001 elapsed=103s eta=355s
progress= 23.32% iteration=2800/12006 step=5 epoch=799/2001 elapsed=107s eta=353s
progress= 24.15% iteration=2900/12006 step=5 epoch=899/2001 elapsed=112s eta=351s
progress= 24.99% iteration=3000/12006 step=5 epoch=999/2001 elapsed=116s eta=348s
progress= 25.82% iteration=3100/12006 step=5 epoch=1099/2001 elapsed=120s eta=346s
progress= 26.65% iteration=3200/12006 step=5 epoch=1199/2001 elapsed=125s eta=343s
progress= 27.49% iteration=3300/12006 step=5 epoch=1299/2001 elapsed=129s eta=340s
progress= 28.32% iteration=3400/12006 step=5 epoch=1399/2001 elapsed=133s eta=337s
progress= 29.15% iteration=3500/12006 step=5 epoch=1499/2001 elapsed=138s eta=334s
progress= 29.99% iteration=3600/12006 step=5 epoch=1599/2001 elapsed=142s eta=331s
progress= 30.82% iteration=3700/12006 step=5 epoch=1699/2001 elapsed=146s eta=328s
progress= 31.65% iteration=3800/12006 step=5 epoch=1799/2001 elapsed=151s eta=325s
progress= 32.48% iteration=3900/12006 step=5 epoch=1899/2001 elapsed=155s eta=322s
progress= 33.32% iteration=4000/12006 step=5 epoch=1999/2001 elapsed=159s eta=319s
progress= 34.15% iteration=4100/12006 step=4 epoch=98/2001 elapsed=164s eta=317s
progress= 34.98% iteration=4200/12006 step=4 epoch=198/2001 elapsed=170s eta=315s
progress= 35.82% iteration=4300/12006 step=4 epoch=298/2001 elapsed=175s eta=314s
progress= 36.65% iteration=4400/12006 step=4 epoch=398/2001 elapsed=180s eta=312s
progress= 37.48% iteration=4500/12006 step=4 epoch=498/2001 elapsed=186s eta=310s
progress= 38.31% iteration=4600/12006 step=4 epoch=598/2001 elapsed=191s eta=307s
progress= 39.15% iteration=4700/12006 step=4 epoch=698/2001 elapsed=196s eta=305s
progress= 39.98% iteration=4800/12006 step=4 epoch=798/2001 elapsed=202s eta=303s
progress= 40.81% iteration=4900/12006 step=4 epoch=898/2001 elapsed=207s eta=300s
progress= 41.65% iteration=5000/12006 step=4 epoch=998/2001 elapsed=212s eta=297s
progress= 42.48% iteration=5100/12006 step=4 epoch=1098/2001 elapsed=217s eta=294s
progress= 43.31% iteration=5200/12006 step=4 epoch=1198/2001 elapsed=223s eta=292s
progress= 44.14% iteration=5300/12006 step=4 epoch=1298/2001 elapsed=228s eta=289s
progress= 44.98% iteration=5400/12006 step=4 epoch=1398/2001 elapsed=233s eta=285s
progress= 45.81% iteration=5500/12006 step=4 epoch=1498/2001 elapsed=239s eta=282s
progress= 46.64% iteration=5600/12006 step=4 epoch=1598/2001 elapsed=244s eta=279s
progress= 47.48% iteration=5700/12006 step=4 epoch=1698/2001 elapsed=249s eta=276s
progress= 48.31% iteration=5800/12006 step=4 epoch=1798/2001 elapsed=255s eta=273s
progress= 49.14% iteration=5900/12006 step=4 epoch=1898/2001 elapsed=260s eta=269s
progress= 49.98% iteration=6000/12006 step=4 epoch=1998/2001 elapsed=266s eta=266s
progress= 50.81% iteration=6100/12006 step=3 epoch=97/2001 elapsed=272s eta=263s
progress= 51.64% iteration=6200/12006 step=3 epoch=197/2001 elapsed=278s eta=261s
progress= 52.47% iteration=6300/12006 step=3 epoch=297/2001 elapsed=285s eta=258s
progress= 53.31% iteration=6400/12006 step=3 epoch=397/2001 elapsed=291s eta=255s
progress= 54.14% iteration=6500/12006 step=3 epoch=497/2001 elapsed=297s eta=252s
progress= 54.97% iteration=6600/12006 step=3 epoch=597/2001 elapsed=303s eta=249s
progress= 55.81% iteration=6700/12006 step=3 epoch=697/2001 elapsed=310s eta=245s
progress= 56.64% iteration=6800/12006 step=3 epoch=797/2001 elapsed=316s eta=242s
progress= 57.47% iteration=6900/12006 step=3 epoch=897/2001 elapsed=322s eta=239s
progress= 58.30% iteration=7000/12006 step=3 epoch=997/2001 elapsed=329s eta=235s
progress= 59.14% iteration=7100/12006 step=3 epoch=1097/2001 elapsed=335s eta=231s
progress= 59.97% iteration=7200/12006 step=3 epoch=1197/2001 elapsed=341s eta=228s
progress= 60.80% iteration=7300/12006 step=3 epoch=1297/2001 elapsed=347s eta=224s
progress= 61.64% iteration=7400/12006 step=3 epoch=1397/2001 elapsed=354s eta=220s
progress= 62.47% iteration=7500/12006 step=3 epoch=1497/2001 elapsed=360s eta=216s
progress= 63.30% iteration=7600/12006 step=3 epoch=1597/2001 elapsed=366s eta=212s
progress= 64.13% iteration=7700/12006 step=3 epoch=1697/2001 elapsed=373s eta=208s
progress= 64.97% iteration=7800/12006 step=3 epoch=1797/2001 elapsed=379s eta=204s
progress= 65.80% iteration=7900/12006 step=3 epoch=1897/2001 elapsed=385s eta=200s
progress= 66.63% iteration=8000/12006 step=3 epoch=1997/2001 elapsed=391s eta=196s
progress= 67.47% iteration=8100/12006 step=2 epoch=96/2001 elapsed=399s eta=192s
progress= 68.30% iteration=8200/12006 step=2 epoch=196/2001 elapsed=406s eta=188s
progress= 69.13% iteration=8300/12006 step=2 epoch=296/2001 elapsed=413s eta=184s
progress= 69.97% iteration=8400/12006 step=2 epoch=396/2001 elapsed=420s eta=180s
progress= 70.80% iteration=8500/12006 step=2 epoch=496/2001 elapsed=428s eta=176s
progress= 71.63% iteration=8600/12006 step=2 epoch=596/2001 elapsed=435s eta=172s
progress= 72.46% iteration=8700/12006 step=2 epoch=696/2001 elapsed=442s eta=168s
progress= 73.30% iteration=8800/12006 step=2 epoch=796/2001 elapsed=449s eta=164s
progress= 74.13% iteration=8900/12006 step=2 epoch=896/2001 elapsed=457s eta=159s
progress= 74.96% iteration=9000/12006 step=2 epoch=996/2001 elapsed=464s eta=155s
progress= 75.80% iteration=9100/12006 step=2 epoch=1096/2001 elapsed=471s eta=151s
progress= 76.63% iteration=9200/12006 step=2 epoch=1196/2001 elapsed=479s eta=146s
progress= 77.46% iteration=9300/12006 step=2 epoch=1296/2001 elapsed=487s eta=142s
progress= 78.29% iteration=9400/12006 step=2 epoch=1396/2001 elapsed=495s eta=137s
progress= 79.13% iteration=9500/12006 step=2 epoch=1496/2001 elapsed=502s eta=132s
progress= 79.96% iteration=9600/12006 step=2 epoch=1596/2001 elapsed=509s eta=128s
progress= 80.79% iteration=9700/12006 step=2 epoch=1696/2001 elapsed=516s eta=123s
progress= 81.63% iteration=9800/12006 step=2 epoch=1796/2001 elapsed=524s eta=118s
progress= 82.46% iteration=9900/12006 step=2 epoch=1896/2001 elapsed=531s eta=113s
progress= 83.29% iteration=10000/12006 step=2 epoch=1996/2001 elapsed=538s eta=108s
progress= 84.12% iteration=10100/12006 step=1 epoch=95/2001 elapsed=547s eta=103s
progress= 84.96% iteration=10200/12006 step=1 epoch=195/2001 elapsed=555s eta=98s
progress= 85.79% iteration=10300/12006 step=1 epoch=295/2001 elapsed=563s eta=93s
progress= 86.62% iteration=10400/12006 step=1 epoch=395/2001 elapsed=572s eta=88s
progress= 87.46% iteration=10500/12006 step=1 epoch=495/2001 elapsed=580s eta=83s
progress= 88.29% iteration=10600/12006 step=1 epoch=595/2001 elapsed=588s eta=78s
progress= 89.12% iteration=10700/12006 step=1 epoch=695/2001 elapsed=597s eta=73s
progress= 89.96% iteration=10800/12006 step=1 epoch=795/2001 elapsed=605s eta=68s
progress= 90.79% iteration=10900/12006 step=1 epoch=895/2001 elapsed=614s eta=62s
progress= 91.62% iteration=11000/12006 step=1 epoch=995/2001 elapsed=622s eta=57s
progress= 92.45% iteration=11100/12006 step=1 epoch=1095/2001 elapsed=631s eta=51s
progress= 93.29% iteration=11200/12006 step=1 epoch=1195/2001 elapsed=640s eta=46s
progress= 94.12% iteration=11300/12006 step=1 epoch=1295/2001 elapsed=649s eta=41s
progress= 94.95% iteration=11400/12006 step=1 epoch=1395/2001 elapsed=657s eta=35s
progress= 95.79% iteration=11500/12006 step=1 epoch=1495/2001 elapsed=666s eta=29s
progress= 96.62% iteration=11600/12006 step=1 epoch=1595/2001 elapsed=675s eta=24s
progress= 97.45% iteration=11700/12006 step=1 epoch=1695/2001 elapsed=683s eta=18s
progress= 98.28% iteration=11800/12006 step=1 epoch=1795/2001 elapsed=692s eta=12s
progress= 99.12% iteration=11900/12006 step=1 epoch=1895/2001 elapsed=700s eta=6s
progress= 99.95% iteration=12000/12006 step=1 epoch=1995/2001 elapsed=708s eta=0s
progress=100.00% iteration=12006/12006 step=1 epoch=2001/2001 elapsed=709s eta=0s
{
  "checkpoint": "outputs/checkpoints/1q_clustered_xpu_seed7.pt",
  "metrics": {
    "superfidelity": 0.656316339969635,
    "fidelity": 0.6563162038784666,
    "trace_distance": 0.4887678605189704,
    "mmd": 0.509669303894043,
    "wasserstein": 0.3903230661153793,
    "purity_error": 0.13198530673980713,
    "generated_radius": 0.8380828499794006,
    "target_radius": 0.9952247142791748,
    "F_data_0": 0.9869289994239807,
    "F_gen_0": 0.5197230577468872
  },
  "history_rows": 12006
}
