progress=  0.01% iteration=1/12006 step=6 epoch=1/2001 elapsed=1s eta=16769s
progress=  0.83% iteration=100/12006 step=6 epoch=100/2001 elapsed=8s eta=937s
progress=  1.67% iteration=200/12006 step=6 epoch=200/2001 elapsed=14s eta=846s
progress=  2.50% iteration=300/12006 step=6 epoch=300/2001 elapsed=21s eta=812s
progress=  3.33% iteration=400/12006 step=6 epoch=400/2001 elapsed=27s eta=790s
progress=  4.16% iteration=500/12006 step=6 epoch=500/2001 elapsed=34s eta=775s
progress=  5.00% iteration=600/12006 step=6 epoch=600/2001 elapsed=40s eta=763s
progress=  5.83% iteration=700/12006 step=6 epoch=700/2001 elapsed=47s eta=755s
progress=  6.66% iteration=800/12006 step=6 epoch=800/2001 elapsed=53s eta=744s
progress=  7.50% iteration=900/12006 step=6 epoch=900/2001 elapsed=60s eta=736s
progress=  8.33% iteration=1000/12006 step=6 epoch=1000/2001 elapsed=66s eta=728s
progress=  9.16% iteration=1100/12006 step=6 epoch=1100/2001 elapsed=73s eta=720s
progress= 10.00% iteration=1200/12006 step=6 epoch=1200/2001 elapsed=79s eta=712s
progress= 10.83% iteration=1300/12006 step=6 epoch=1300/2001 elapsed=85s eta=703s
progress= 11.66% iteration=1400/12006 step=6 epoch=1400/2001 elapsed=92s eta=696s
progress= 12.49% iteration=1500/12006 step=6 epoch=1500/2001 elapsed=98s eta=688s
progress= 13.33% iteration=1600/12006 step=6 epoch=1600/2001 elapsed=105s eta=680s
progress= 14.16% iteration=1700/12006 step=6 epoch=1700/2001 elapsed=111s eta=673s
progress= 14.99% iteration=1800/12006 step=6 epoch=1800/2001 elapsed=117s eta=666s
progress= 15.83% iteration=1900/12006 step=6 epoch=1900/2001 elapsed=124s eta=659s
progress= 16.66% iteration=2000/12006 step=6 epoch=2000/2001 elapsed=130s eta=652s
progress= 17.49% iteration=2100/12006 step=5 epoch=99/2001 elapsed=139s eta=654s
progress= 18.32% iteration=2200/12006 step=5 epoch=199/2001 elapsed=147s eta=655s
progress= 19.16% iteration=2300/12006 step=5 epoch=299/2001 elapsed=155s eta=655s
progress= 19.99% iteration=2400/12006 step=5 epoch=399/2001 elapsed=164s eta=655s
progress= 20.82% iteration=2500/12006 step=5 epoch=499/2001 elapsed=172s eta=653s
progress= 21.66% iteration=2600/12006 step=5 epoch=599/2001 elapsed=180s eta=652s
progress= 22.49% iteration=2700/12006 step=5 epoch=699/2001 elapsed=188s eta=649s
progress= 23.32% iteration=2800/12006 step=5 epoch=799/2001 elapsed=197s eta=647s
progress= 24.15% iteration=2900/12006 step=5 epoch=899/2001 elapsed=205s eta=644s
progress= 24.99% iteration=3000/12006 step=5 epoch=999/2001 elapsed=214s eta=641s
progress= 25.82% iteration=3100/12006 step=5 epoch=1099/2001 elapsed=222s eta=638s
progress= 26.65% iteration=3200/12006 step=5 epoch=1199/2001 elapsed=231s eta=634s
progress= 27.49% iteration=3300/12006 step=5 epoch=1299/2001 elapsed=239s eta=630s
progress= 28.32% iteration=3400/12006 step=5 epoch=1399/2001 elapsed=247s eta=626s
progress= 29.15% iteration=3500/12006 step=5 epoch=1499/2001 elapsed=256s eta=622s
progress= 29.99% iteration=3600/12006 step=5 epoch=1599/2001 elapsed=264s eta=617s
progress= 30.82% iteration=3700/12006 step=5 epoch=1699/2001 elapsed=273s eta=612s
progress= 31.65% iteration=3800/12006 step=5 epoch=1799/2001 elapsed=281s eta=607s
progress= 32.48% iteration=3900/12006 step=5 epoch=1899/2001 elapsed=289s eta=601s
progress= 33.32% iteration=4000/12006 step=5 epoch=1999/2001 elapsed=298s eta=596s
progress= 34.15% iteration=4100/12006 step=4 epoch=98/2001 elapsed=308s eta=594s
progress= 34.98% iteration=4200/12006 step=4 epoch=198/2001 elapsed=319s eta=592s
progress= 35.82% iteration=4300/12006 step=4 epoch=298/2001 elapsed=329s eta=589s
progress= 36.65% iteration=4400/12006 step=4 epoch=398/2001 elapsed=339s eta=586s
progress= 37.48% iteration=4500/12006 step=4 epoch=498/2001 elapsed=349s eta=583s
progress= 38.31% iteration=4600/12006 step=4 epoch=598/2001 elapsed=360s eta=579s
progress= 39.15% iteration=4700/12006 step=4 epoch=698/2001 elapsed=370s eta=575s
progress= 39.98% iteration=4800/12006 step=4 epoch=798/2001 elapsed=380s eta=571s
progress= 40.81% iteration=4900/12006 step=4 epoch=898/2001 elapsed=391s eta=567s
progress= 41.65% iteration=5000/12006 step=4 epoch=998/2001 elapsed=401s eta=562s
progress= 42.48% iteration=5100/12006 step=4 epoch=1098/2001 elapsed=411s eta=557s
progress= 43.31% iteration=5200/12006 step=4 epoch=1198/2001 elapsed=422s eta=552s
progress= 44.14% iteration=5300/12006 step=4 epoch=1298/2001 elapsed=432s eta=547s
progress= 44.98% iteration=5400/12006 step=4 epoch=1398/2001 elapsed=442s eta=541s
progress= 45.81% iteration=5500/12006 step=4 epoch=1498/2001 elapsed=453s eta=535s
progress= 46.64% iteration=5600/12006 step=4 epoch=1598/2001 elapsed=463s eta=530s
progress= 47.48% iteration=5700/12006 step=4 epoch=1698/2001 elapsed=473s eta=524s
progress= 48.31% iteration=5800/12006 step=4 epoch=1798/2001 elapsed=484s eta=518s
progress= 49.14% iteration=5900/12006 step=4 epoch=1898/2001 elapsed=494s eta=511s
progress= 49.98% iteration=6000/12006 step=4 epoch=1998/2001 elapsed=504s eta=505s
progress= 50.81% iteration=6100/12006 step=3 epoch=97/2001 elapsed=516s eta=500s
progress= 51.64% iteration=6200/12006 step=3 epoch=197/2001 elapsed=529s eta=496s
progress= 52.47% iteration=6300/12006 step=3 epoch=297/2001 elapsed=542s eta=491s
progress= 53.31% iteration=6400/12006 step=3 epoch=397/2001 elapsed=554s eta=486s
progress= 54.14% iteration=6500/12006 step=3 epoch=497/2001 elapsed=568s eta=481s
progress= 54.97% iteration=6600/12006 step=3 epoch=597/2001 elapsed=580s eta=475s
progress= 55.81% iteration=6700/12006 step=3 epoch=697/2001 elapsed=593s eta=469s
progress= 56.64% iteration=6800/12006 step=3 epoch=797/2001 elapsed=605s eta=463s
progress= 57.47% iteration=6900/12006 step=3 epoch=897/2001 elapsed=617s eta=457s
progress= 58.30% iteration=7000/12006 step=3 epoch=997/2001 elapsed=630s eta=450s
progress= 59.14% iteration=7100/12006 step=3 epoch=1097/2001 elapsed=642s eta=443s
progress= 59.97% iteration=7200/12006 step=3 epoch=1197/2001 elapsed=654s eta=436s
progress= 60.80% iteration=7300/12006 step=3 epoch=1297/2001 elapsed=666s eta=429s
progress= 61.64% iteration=7400/12006 step=3 epoch=1397/2001 elapsed=678s eta=422s
progress= 62.47% iteration=7500/12006 step=3 epoch=1497/2001 elapsed=690s eta=415s
progress= 63.30% iteration=7600/12006 step=3 epoch=1597/2001 elapsed=702s eta=407s
progress= 64.13% iteration=7700/12006 step=3 epoch=1697/2001 elapsed=715s eta=400s
progress= 64.97% iteration=7800/12006 step=3 epoch=1797/2001 elapsed=727s eta=392s
progress= 65.80% iteration=7900/12006 step=3 epoch=1897/2001 elapsed=739s eta=384s
progress= 66.63% iteration=8000/12006 step=3 epoch=1997/2001 elapsed=751s eta=376s
progress= 67.47% iteration=8100/12006 step=2 epoch=96/2001 elapsed=765s eta=369s
progress= 68.30% iteration=8200/12006 step=2 epoch=196/2001 elapsed=779s eta=362s
progress= 69.13% iteration=8300/12006 step=2 epoch=296/2001 elapsed=793s eta=354s
progress= 69.97% iteration=8400/12006 step=2 epoch=396/2001 elapsed=807s eta=346s
progress= 70.80% iteration=8500/12006 step=2 epoch=496/2001 elapsed=821s eta=339s
progress= 71.63% iteration=8600/12006 step=2 epoch=596/2001 elapsed=835s eta=331s
progress= 72.46% iteration=8700/12006 step=2 epoch=696/2001 elapsed=849s eta=323s
progress= 73.30% iteration=8800/12006 step=2 epoch=796/2001 elapsed=863s eta=315s
progress= 74.13% iteration=8900/12006 step=2 epoch=896/2001 elapsed=878s eta=306s
progress= 74.96% iteration=9000/12006 step=2 epoch=996/2001 elapsed=891s eta=298s
progress= 75.80% iteration=9100/12006 step=2 epoch=1096/2001 elapsed=906s eta=289s
progress= 76.63% iteration=9200/12006 step=2 epoch=1196/2001 elapsed=920s eta=280s
progress= 77.46% iteration=9300/12006 step=2 epoch=1296/2001 elapsed=934s eta=272s
progress= 78.29% iteration=9400/12006 step=2 epoch=1396/2001 elapsed=948s eta=263s
progress= 79.13% iteration=9500/12006 step=2 epoch=1496/2001 elapsed=962s eta=254s
progress= 79.96% iteration=9600/12006 step=2 epoch=1596/2001 elapsed=976s eta=245s
progress= 80.79% iteration=9700/12006 step=2 epoch=1696/2001 elapsed=990s eta=235s
progress= 81.63% iteration=9800/12006 step=2 epoch=1796/2001 elapsed=1004s eta=226s
progress= 82.46% iteration=9900/12006 step=2 epoch=1896/2001 elapsed=1019s eta=217s
progress= 83.29% iteration=10000/12006 step=2 epoch=1996/2001 elapsed=1034s eta=207s
progress= 84.12% iteration=10100/12006 step=1 epoch=95/2001 elapsed=1049s eta=198s
progress= 84.96% iteration=10200/12006 step=1 epoch=195/2001 elapsed=1067s eta=189s
progress= 85.79% iteration=10300/12006 step=1 epoch=295/2001 elapsed=1083s eta=179s
progress= 86.62% iteration=10400/12006 step=1 epoch=395/2001 elapsed=1099s eta=170s
progress= 87.46% iteration=10500/12006 step=1 epoch=495/2001 elapsed=1115s eta=160s
progress= 88.29% iteration=10600/12006 step=1 epoch=595/2001 elapsed=1131s eta=150s
progress= 89.12% iteration=10700/12006 step=1 epoch=695/2001 elapsed=1147s eta=140s
progress= 89.96% iteration=10800/12006 step=1 epoch=795/2001 elapsed=1163s eta=130s
progress= 90.79% iteration=10900/12006 step=1 epoch=895/2001 elapsed=1179s eta=120s
progress= 91.62% iteration=11000/12006 step=1 epoch=995/2001 elapsed=1195s eta=109s
progress= 92.45% iteration=11100/12006 step=1 epoch=1095/2001 elapsed=1211s eta=99s
progress= 93.29% iteration=11200/12006 step=1 epoch=1195/2001 elapsed=1227s eta=88s
progress= 94.12% iteration=11300/12006 step=1 epoch=1295/2001 elapsed=1243s eta=78s
progress= 94.95% iteration=11400/12006 step=1 epoch=1395/2001 elapsed=1259s eta=67s
progress= 95.79% iteration=11500/12006 step=1 epoch=1495/2001 elapsed=1275s eta=56s
progress= 96.62% iteration=11600/12006 step=1 epoch=1595/2001 elapsed=1291s eta=45s
progress= 97.45% iteration=11700/12006 step=1 epoch=1695/2001 elapsed=1307s eta=34s
progress= 98.28% iteration=11800/12006 step=1 epoch=1795/2001 elapsed=1323s eta=23s
progress= 99.12% iteration=11900/12006 step=1 epoch=1895/2001 elapsed=1339s eta=12s
progress= 99.95% iteration=12000/12006 step=1 epoch=1995/2001 elapsed=1355s eta=1s
progress=100.00% iteration=12006/12006 step=1 epoch=2001/2001 elapsed=1356s eta=0s
{
  "checkpoint": "outputs/checkpoints/1q_circular_xpu_seed42.pt",
  "metrics": {
    "superfidelity": 0.9926635026931763,
    "fidelity": 0.9926635034250444,
    "trace_distance": 0.03905289220947983,
    "mmd": 0.003188610076904297,
    "wasserstein": 0.014394852519035347,
    "purity_error": 0.013459086418151855,
    "generated_radius": 0.9652794599533081,
    "target_radius": 0.981757640838623,
    "F_data_0": 0.4998546242713928,
    "F_gen_0": 0.5356075167655945
  },
  "history_rows": 12006
}
